<?xml version='1.0' encoding='utf-8'?>
<testsuite name="recon_engine" tests="140" failures="0" errors="0" skipped="0"><testcase classname="tests.test_checkpoint.TestCheckpoint" name="test_completed_records_excludes_none_values" /><testcase classname="tests.test_checkpoint.TestCheckpoint" name="test_concurrent_mark_done_from_multiple_threads_is_safe" /><testcase classname="tests.test_checkpoint.TestCheckpoint" name="test_corrupt_checkpoint_file_degrades_to_fresh_start" /><testcase classname="tests.test_checkpoint.TestCheckpoint" name="test_fresh_checkpoint_has_nothing_done" /><testcase classname="tests.test_checkpoint.TestCheckpoint" name="test_mark_done_then_is_done" /><testcase classname="tests.test_checkpoint.TestCheckpoint" name="test_meta_storage" /><testcase classname="tests.test_checkpoint.TestCheckpoint" name="test_persists_across_instances" /><testcase classname="tests.test_checkpoint.TestCheckpoint" name="test_write_is_atomic_no_tmp_file_left_behind" /><testcase classname="tests.test_cli.TestCliPhase1ValidationOnly" name="test_bare_host_without_port_is_valid" /><testcase classname="tests.test_cli.TestCliPhase1ValidationOnly" name="test_help_exits_zero" /><testcase classname="tests.test_cli.TestCliPhase1ValidationOnly" name="test_malformed_target_port_rejected" /><testcase classname="tests.test_cli.TestCliPhase1ValidationOnly" name="test_missing_required_arg_exits_2" /><testcase classname="tests.test_cli.TestCliPhase1ValidationOnly" name="test_missing_scope_file_rejected" /><testcase classname="tests.test_cli.TestCliPhase1ValidationOnly" name="test_negative_rate_rejected" /><testcase classname="tests.test_cli.TestCliPhase1ValidationOnly" name="test_non_loopback_rejected_with_exit_3" /><testcase classname="tests.test_cli.TestCliPhase1ValidationOnly" name="test_out_port_rejected_with_exit_3" /><testcase classname="tests.test_cli.TestCliPhase1ValidationOnly" name="test_output_path_is_existing_file_rejected" /><testcase classname="tests.test_cli.TestCliPhase1ValidationOnly" name="test_unlisted_port_rejected" /><testcase classname="tests.test_cli.TestCliPhase1ValidationOnly" name="test_valid_target_exits_0_and_creates_output_dir" /><testcase classname="tests.test_cli.TestCliPhase1ValidationOnly" name="test_zero_rate_rejected" /><testcase classname="tests.test_cli.TestCliPhase1WithAssignmentRateCheck" name="test_rate_exceeding_assignment_max_rejected" /><testcase classname="tests.test_cli.TestCliPhase2Discovery" name="test_only_authorized_targets_are_ever_passed_to_run_discovery" /><testcase classname="tests.test_cli.TestCliPhase2Discovery" name="test_partial_failure_still_reports_what_succeeded" /><testcase classname="tests.test_cli.TestCliPhase2Discovery" name="test_preexisting_target_ledger_history_does_not_break_reconciliation" /><testcase classname="tests.test_cli.TestCliPhase2Discovery" name="test_rate_over_budget_never_reaches_run_discovery" /><testcase classname="tests.test_cli.TestCliPhase2Discovery" name="test_successful_discovery_writes_manifest_and_report" /><testcase classname="tests.test_cli.TestCliPhase2Discovery" name="test_total_failure_exits_4_cleanly" /><testcase classname="tests.test_dns_baseline.TestDnsBaseline" name="test_checkpoint_dedup_skips_repeat_calls" /><testcase classname="tests.test_dns_baseline.TestDnsBaseline" name="test_dns_failure_raises_scope_violation_not_a_crash" /><testcase classname="tests.test_dns_baseline.TestDnsBaseline" name="test_hostname_resolves_via_the_same_path_scopeguard_uses" /><testcase classname="tests.test_dns_baseline.TestDnsBaseline" name="test_literal_ip_needs_no_dns_query" /><testcase classname="tests.test_dns_baseline.TestDnsBaseline" name="test_literal_ip_never_calls_guard_check" /><testcase classname="tests.test_dns_baseline.TestDnsBaseline" name="test_writes_one_ledger_line" /><testcase classname="tests.test_dns_baseline.TestDnsBaseline" name="test_writes_one_normalized_record" /><testcase classname="tests.test_evidence_preservation.TestCliPreservesScopeProfile" name="test_run_preserves_profile_and_reports_it_in_manifest" /><testcase classname="tests.test_evidence_preservation.TestPreserveScopeProfile" name="test_no_assignment_means_no_snapshot" /><testcase classname="tests.test_evidence_preservation.TestPreserveScopeProfile" name="test_second_call_does_not_overwrite_existing_snapshot" /><testcase classname="tests.test_evidence_preservation.TestPreserveScopeProfile" name="test_snapshot_written_under_evidence_runtime_id" /><testcase classname="tests.test_fingerprint.TestComputeFingerprint" name="test_different_signals_produce_different_fingerprints" /><testcase classname="tests.test_fingerprint.TestComputeFingerprint" name="test_no_signals_gets_unidentified_marker" /><testcase classname="tests.test_fingerprint.TestComputeFingerprint" name="test_returns_a_string" /><testcase classname="tests.test_fingerprint.TestComputeFingerprint" name="test_same_signals_produce_the_same_fingerprint" /><testcase classname="tests.test_fingerprint.TestComputeFingerprint" name="test_server_header_extracted_from_headers_dict" /><testcase classname="tests.test_fingerprint.TestComputeFingerprint" name="test_server_header_included" /><testcase classname="tests.test_fingerprint.TestComputeFingerprint" name="test_title_and_banner_included" /><testcase classname="tests.test_fingerprint.TestComputeFingerprint" name="test_tls_availability_included" /><testcase classname="tests.test_foothold.TestFoothold" name="test_dedup_skips_repeat_pursuit" /><testcase classname="tests.test_foothold.TestFoothold" name="test_no_evidence_yet_raises_evidence_missing_not_a_generic_error" /><testcase classname="tests.test_foothold.TestFoothold" name="test_ops_diagnostics_failure_stops_before_user_txt" /><testcase classname="tests.test_foothold.TestFoothold" name="test_partial_evidence_still_declines" /><testcase classname="tests.test_foothold.TestFoothold" name="test_scope_denial_when_pointed_at_decoy" /><testcase classname="tests.test_foothold.TestFoothold" name="test_successful_chain_captures_flag_and_makes_exactly_two_requests" /><testcase classname="tests.test_foothold.TestFoothold" name="test_wrong_credentials_reported_honestly_not_retried" /><testcase classname="tests.test_http_discover.TestHttpDiscoveryAdapter" name="test_custom_probe_list_is_respected_in_order" /><testcase classname="tests.test_http_discover.TestHttpDiscoveryAdapter" name="test_default_probes_are_fixed_and_ordered" /><testcase classname="tests.test_http_discover.TestHttpDiscoveryAdapter" name="test_each_retry_attempt_consumes_budget" /><testcase classname="tests.test_http_discover.TestHttpDiscoveryAdapter" name="test_ledger_gets_one_line_per_successful_attempt_with_all_fields" /><testcase classname="tests.test_http_discover.TestHttpDiscoveryAdapter" name="test_raw_capture_is_written_per_probe" /><testcase classname="tests.test_http_discover.TestHttpDiscoveryAdapter" name="test_retries_exhausted_raises_discovery_error" /><testcase classname="tests.test_http_discover.TestHttpDiscoveryAdapter" name="test_scope_denial_is_logged_and_never_retried" /><testcase classname="tests.test_http_discover.TestHttpDiscoveryAdapter" name="test_successful_discovery_writes_normalized_records_in_order" /><testcase classname="tests.test_http_discover.TestHttpDiscoveryAdapter" name="test_transient_failure_retries_then_succeeds" /><testcase classname="tests.test_interrupt_disable_resume.TestInterruptDisableResumeNoDuplication" name="test_interrupted_run_resumed_with_nmap_disabled_has_no_duplicates" /><testcase classname="tests.test_net_guard_enforcement.TestGuardEnforcedBeforeSocket" name="test_http_get_blocked_when_out_of_scope" /><testcase classname="tests.test_net_guard_enforcement.TestGuardEnforcedBeforeSocket" name="test_in_scope_reaches_socket_layer" /><testcase classname="tests.test_net_guard_enforcement.TestGuardEnforcedBeforeSocket" name="test_non_loopback_never_reaches_socket_layer" /><testcase classname="tests.test_net_guard_enforcement.TestGuardEnforcedBeforeSocket" name="test_out_of_scope_never_reaches_socket_layer" /><testcase classname="tests.test_net_guard_enforcement.TestGuardEnforcedBeforeSocket" name="test_unlisted_port_never_reaches_socket_layer" /><testcase classname="tests.test_nmap_scan.TestNmapAdapter" name="test_checkpoint_dedup_skips_repeat_scans" /><testcase classname="tests.test_nmap_scan.TestNmapAdapter" name="test_malformed_xml_does_not_crash" /><testcase classname="tests.test_nmap_scan.TestNmapAdapter" name="test_missing_nmap_raises_tool_unavailable_and_never_calls_guard" /><testcase classname="tests.test_nmap_scan.TestNmapAdapter" name="test_nmap_timeout_propagates_as_a_real_error" /><testcase classname="tests.test_nmap_scan.TestNmapAdapter" name="test_real_nmap_against_a_local_listener" /><testcase classname="tests.test_nmap_scan.TestNmapAdapter" name="test_scope_denial_when_pointed_at_out_port" /><testcase classname="tests.test_nmap_scan.TestNmapAdapter" name="test_successful_scan_parses_xml_into_normalized_record" /><testcase classname="tests.test_orchestrator.TestOrchestratorAdapterSelection" name="test_infer_protocol_from_scope_csv_notes" /><testcase classname="tests.test_orchestrator.TestOrchestratorDecoySafety" name="test_decoy_port_never_appears_in_the_target_list" /><testcase classname="tests.test_orchestrator.TestOrchestratorDecoySafety" name="test_run_discovery_never_touches_the_decoy" /><testcase classname="tests.test_orchestrator.TestOrchestratorRunDiscovery" name="test_both_authorized_services_are_discovered" /><testcase classname="tests.test_orchestrator.TestOrchestratorRunDiscovery" name="test_checkpoint_resume_skips_completed_work_and_saves_budget" /><testcase classname="tests.test_orchestrator.TestOrchestratorRunDiscovery" name="test_concurrency_is_bounded_to_max_workers" /><testcase classname="tests.test_orchestrator.TestOrchestratorRunDiscovery" name="test_missing_nmap_is_recorded_as_a_fallback_not_an_error" /><testcase classname="tests.test_orchestrator.TestOrchestratorRunDiscovery" name="test_nmap_gets_its_own_timeout_not_the_shared_short_one" /><testcase classname="tests.test_orchestrator.TestOrchestratorRunDiscovery" name="test_unknown_service_note_is_a_soft_error_not_a_crash" /><testcase classname="tests.test_orchestrator.TestOrchestratorRunDiscovery" name="test_vhost_discovered_by_signal_triggers_http_followup" /><testcase classname="tests.test_profile_restart_metrics.TestProfileRestartMetrics" name="test_normalized_hash_is_stable_across_two_runs_of_the_same_live_target" /><testcase classname="tests.test_profile_restart_metrics.TestProfileRestartMetrics" name="test_recall_and_zero_violations_hold_under_a_different_profile" /><testcase classname="tests.test_profile_restart_metrics.TestProfileRestartMetrics" name="test_recall_is_complete_and_zero_scope_violations_under_profile_a" /><testcase classname="tests.test_raw_capture.TestWriteRaw" name="test_preserves_file_extension_when_disambiguating" /><testcase classname="tests.test_raw_capture.TestWriteRaw" name="test_second_write_to_same_path_never_overwrites_the_first" /><testcase classname="tests.test_raw_capture.TestWriteRaw" name="test_third_write_gets_its_own_disambiguated_path_too" /><testcase classname="tests.test_raw_capture.TestWriteRaw" name="test_works_with_text_content_too" /><testcase classname="tests.test_raw_capture.TestWriteRaw" name="test_writes_to_the_intended_path_when_nothing_exists_there" /><testcase classname="tests.test_reconcile.TestReconcile" name="test_denied_attempts_never_expected_in_target_ledger" /><testcase classname="tests.test_reconcile.TestReconcile" name="test_matching_counts_reconcile_true" /><testcase classname="tests.test_reconcile.TestReconcile" name="test_missing_ledger_files_are_treated_as_empty" /><testcase classname="tests.test_reconcile.TestReconcile" name="test_target_logging_fewer_than_engine_approved_still_reconciles" /><testcase classname="tests.test_reconcile.TestReconcile" name="test_target_logging_more_than_engine_approved_fails_reconciliation" /><testcase classname="tests.test_report.TestGenerateReport" name="test_empty_state_does_not_error" /><testcase classname="tests.test_report.TestGenerateReport" name="test_html_escapes_untrusted_field_content" /><testcase classname="tests.test_report.TestGenerateReport" name="test_never_opens_anything_under_raw" /><testcase classname="tests.test_report.TestGenerateReport" name="test_renders_normalized_records" /><testcase classname="tests.test_resulthash.TestComputeNormalizedHash" name="test_different_status_produces_a_different_hash" /><testcase classname="tests.test_resulthash.TestComputeNormalizedHash" name="test_empty_output_dir_has_a_stable_hash" /><testcase classname="tests.test_resulthash.TestComputeNormalizedHash" name="test_identical_records_with_different_timestamps_hash_equal" /><testcase classname="tests.test_resulthash.TestComputeNormalizedHash" name="test_missing_assets_file_does_not_raise" /><testcase classname="tests.test_resulthash.TestComputeNormalizedHash" name="test_record_order_does_not_affect_the_hash" /><testcase classname="tests.test_resume_integrity.TestHttpDiscoveryResumeIntegrity" name="test_interrupted_and_resumed_run_matches_clean_run" /><testcase classname="tests.test_resume_integrity.TestOrchestratorResumeIntegrity" name="test_interrupted_then_resumed_orchestrator_run_matches_clean_run" /><testcase classname="tests.test_scope_guard.TestScopeGuardAgainstRealFiles" name="test_allows_in_scope_authorized_port" /><testcase classname="tests.test_scope_guard.TestScopeGuardAgainstRealFiles" name="test_failed_checks_do_not_consume_budget" /><testcase classname="tests.test_scope_guard.TestScopeGuardAgainstRealFiles" name="test_loads_scope_and_assignment" /><testcase classname="tests.test_scope_guard.TestScopeGuardAgainstRealFiles" name="test_rate_limit_window_clears_over_time" /><testcase classname="tests.test_scope_guard.TestScopeGuardAgainstRealFiles" name="test_rejects_non_loopback_address" /><testcase classname="tests.test_scope_guard.TestScopeGuardAgainstRealFiles" name="test_rejects_out_port" /><testcase classname="tests.test_scope_guard.TestScopeGuardAgainstRealFiles" name="test_rejects_request_after_budget_exhausted" /><testcase classname="tests.test_scope_guard.TestScopeGuardAgainstRealFiles" name="test_rejects_request_over_rate_limit" /><testcase classname="tests.test_scope_guard.TestScopeGuardAgainstRealFiles" name="test_rejects_unlisted_port" /><testcase classname="tests.test_scope_guard.TestScopeGuardHostnameResolution" name="test_dns_resolution_failure_is_a_clean_scope_violation" /><testcase classname="tests.test_scope_guard.TestScopeGuardHostnameResolution" name="test_hostname_resolving_to_loopback_is_checked_like_an_ip" /><testcase classname="tests.test_scope_guard.TestScopeGuardHostnameResolution" name="test_hostname_resolving_to_public_ip_is_rejected" /><testcase classname="tests.test_scope_guard.TestScopeGuardLedger" name="test_approved_call_is_logged" /><testcase classname="tests.test_scope_guard.TestScopeGuardLedger" name="test_denied_call_is_logged" /><testcase classname="tests.test_scope_guard.TestScopeGuardWithTemporaryScopeFile" name="test_budget_of_zero_rejects_everything" /><testcase classname="tests.test_scope_guard.TestScopeGuardWithTemporaryScopeFile" name="test_exact_in_row_survives_alongside_cidr_out" /><testcase classname="tests.test_scope_guard.TestScopeGuardWithTemporaryScopeFile" name="test_exact_out_row_beats_cidr" /><testcase classname="tests.test_scope_guard.TestScopeGuardWithTemporaryScopeFile" name="test_missing_scope_file_raises" /><testcase classname="tests.test_scope_guard.TestScopeGuardWithTemporaryScopeFile" name="test_non_loopback_caught_by_cidr" /><testcase classname="tests.test_scope_guard.TestScopeGuardWithTemporaryScopeFile" name="test_unlisted_port_rejected" /><testcase classname="tests.test_signal_discovery.TestSignalDiscoveryAdapter" name="test_caps_and_route_produce_two_records" /><testcase classname="tests.test_signal_discovery.TestSignalDiscoveryAdapter" name="test_checkpoint_skip_avoids_new_socket_and_new_budget_use" /><testcase classname="tests.test_signal_discovery.TestSignalDiscoveryAdapter" name="test_err_response_is_not_retried" /><testcase classname="tests.test_signal_discovery.TestSignalDiscoveryAdapter" name="test_route_result_is_stored_in_checkpoint_meta" /><testcase classname="tests.test_signal_discovery.TestSignalDiscoveryAdapter" name="test_scope_denial_never_opens_a_socket" /><testcase classname="tests.test_signal_discovery.TestSignalDiscoveryAdapter" name="test_timeout_is_classified_408_and_not_retried" /><testcase classname="tests.test_signal_discovery.TestSignalDiscoveryAdapter" name="test_transport_failure_retries_then_raises" /><testcase classname="tests.test_tls_probe.TestTlsProbe" name="test_no_tls_is_a_graceful_finding_not_an_exception" /><testcase classname="tests.test_tls_probe.TestTlsProbe" name="test_normalized_record_and_raw_capture_are_written" /><testcase classname="tests.test_tls_probe.TestTlsProbe" name="test_scope_denial_propagates_and_never_probes" /><testcase classname="tests.test_tls_probe.TestTlsProbe" name="test_tls_available_is_recorded_when_handshake_succeeds" /></testsuite>